#-----------------------------------------------------------
# Vivado v2023.2 (64-bit)
# SW Build 4029153 on Fri Oct 13 20:14:34 MDT 2023
# IP Build 4028589 on Sat Oct 14 00:45:43 MDT 2023
# SharedData Build 4025554 on Tue Oct 10 17:18:54 MDT 2023
# Start of session at: Fri May 10 00:18:00 2024
# Process ID: 5996
# Current directory: E:/mandelbrot/scalp_user_design
# Command line: vivado.exe -gui_launcher_event rodinguilauncherevent22720 E:\mandelbrot\scalp_user_design\scalp_user_design.xpr
# Log file: E:/mandelbrot/scalp_user_design/vivado.log
# Journal file: E:/mandelbrot/scalp_user_design\vivado.jou
# Running On: DESKTOP-BKSE7R5, OS: Windows, CPU Frequency: 2803 MHz, CPU Physical cores: 4, Host memory: 16969 MB
#-----------------------------------------------------------
start_gui
open_project E:/mandelbrot/scalp_user_design/scalp_user_design.xpr
update_compile_order -fileset sources_1
export_ip_user_files -of_objects  [get_files E:/mandelbrot/scalp_user_design/scalp_user_design.srcs/sources_1/imports/files/scalp_user_design.vhd] -no_script -reset -force -quiet
remove_files  E:/mandelbrot/scalp_user_design/scalp_user_design.srcs/sources_1/imports/files/scalp_user_design.vhd
update_compile_order -fileset sources_1
update_compile_order -fileset sources_1
add_files -norecurse {E:/scalp_revc_windows/LPSC/compteur.vhd E:/scalp_revc_windows/LPSC/mandelbrot_sequ.vhd E:/scalp_revc_windows/LPSC/scalp_color_pkg.vhd E:/scalp_revc_windows/files/scalp_user_design.vhd}
update_compile_order -fileset sources_1
update_compile_order -fileset sources_1
export_ip_user_files -of_objects  [get_files E:/scalp_revc_windows/files/scalp_user_design.vhd] -no_script -reset -force -quiet
remove_files  E:/scalp_revc_windows/files/scalp_user_design.vhd
export_ip_user_files -of_objects  [get_files E:/scalp_revc_windows/LPSC/compteur.vhd] -no_script -reset -force -quiet
remove_files  E:/scalp_revc_windows/LPSC/compteur.vhd
update_compile_order -fileset sources_1
